Using bundled DotNet SDK version: 10.0 win-x64
Running UnrealBuildTool: dotnet "..\..\Engine\Binaries\DotNET\UnrealBuildTool\UnrealBuildTool.dll" RefactorTacticsEditor Win64 Development -project=D:\Repositories\refactor-tactics-main\RefactorTactics.uproject -waitmutex
Log file: C:\Users\Utente\AppData\Local\UnrealBuildTool\Log.txt
Determining max actions to execute in parallel (12 physical cores, 20 logical cores)
  Executing up to 12 processes, one per physical core
Using 'git status' to determine working set for adaptive non-unity build (D:\Repositories\refactor-tactics-main).
UbaServer - Listening on 0.0.0.0:1345
Invalidating makefile for RefactorTacticsEditor (source file added)
UHT compiled-in object format Default
UHT processed RefactorTacticsEditor in 16.7382546 seconds (35 generated files written)
Building RefactorTacticsEditor...
===== Toolchain Information =====
Using ISPC compiler (D:\EpicGames\UE_5.8\Engine\Source\ThirdParty\Intel\ISPC\bin\Windows\ispc.exe)
  Intel(r) Implicit SPMD Program Compiler (Intel(r) ISPC), 1.24.0 (build commit  @ 20250404, LLVM 18.1.2) 
Using Visual Studio 14.50.35737 toolchain (C:\Program Files\Microsoft Visual Studio\18\Community\VC\Tools\MSVC\14.50.35717) and Windows 10.0.22621.0 SDK (C:\Program Files (x86)\Windows Kits\10).
=================================
Using Unreal Build Accelerator local executor to run 31 action(s)
  CPU 12 physical cores, 20 logical cores
  Memory 63.78 GB physical, 57.39 GB/105.78 GB committed
  UBA Storage capacity 40 GB
[1/31] Compile [x64] Module.RefactorTactics.12.cpp
[2/31] Compile [x64] Module.RefactorTactics.10.cpp
[3/31] Compile [x64] Module.RefactorTactics.18.cpp
[4/31] Compile [x64] Module.RefactorTactics.14.cpp
[5/31] Compile [x64] Module.RefactorTactics.16.cpp
[6/31] Compile [x64] Module.RefactorTactics.11.cpp
[7/31] Compile [x64] Module.RefactorTactics.17.cpp
[8/31] Compile [x64] Module.RefactorTactics.19.cpp
[9/31] Compile [x64] Module.RefactorTactics.15.cpp
[10/31] Compile [x64] Module.RefactorTactics.1.cpp
[11/31] Compile [x64] Module.RefactorTactics.23.cpp
[12/31] Compile [x64] Module.RefactorTactics.13.cpp
[13/31] Compile [x64] Module.RefactorTactics.20.cpp
[14/31] Compile [x64] Module.RefactorTactics.24.cpp
[15/31] Compile [x64] Module.RefactorTactics.21.cpp
[16/31] Compile [x64] Module.RefactorTactics.7.cpp
[17/31] Compile [x64] Module.RefactorTactics.8.cpp
[18/31] Compile [x64] Module.RefactorTactics.2.cpp
[19/31] Compile [x64] Module.RefactorTactics.6.cpp
[20/31] Compile [x64] Module.RefactorTactics.22.cpp
[21/31] Compile [x64] Module.RefactorTactics.9.cpp
[22/31] Compile [x64] Module.RefactorTactics.5.cpp
[23/31] Compile [x64] Module.RefactorTactics.4.cpp
[24/31] Compile [x64] Module.RefactorTactics.3.cpp
[25/31] Link [x64] UnrealEditor-RefactorTactics.lib
   Creazione della libreria D:/Repositories/refactor-tactics-main/Intermediate/Build/Win64/x64/UnrealEditor/Development/RefactorTactics/UnrealEditor-RefactorTactics.lib e dell'oggetto D:/Repositories/refactor-tactics-main/Intermediate/Build/Win64/x64/UnrealEditor/Development/RefactorTactics/UnrealEditor-RefactorTactics.exp
[26/31] Link [x64] UnrealEditor-RefactorTactics.dll
[27/31] Compile [x64] Module.RefactorTacticsEditor.2.cpp
[28/31] Compile [x64] Module.RefactorTacticsEditor.1.cpp
[29/31] Link [x64] UnrealEditor-RefactorTacticsEditor.lib
   Creazione della libreria D:/Repositories/refactor-tactics-main/Intermediate/Build/Win64/x64/UnrealEditor/Development/RefactorTacticsEditor/UnrealEditor-RefactorTacticsEditor.lib e dell'oggetto D:/Repositories/refactor-tactics-main/Intermediate/Build/Win64/x64/UnrealEditor/Development/RefactorTacticsEditor/UnrealEditor-RefactorTacticsEditor.exp
[30/31] Link [x64] UnrealEditor-RefactorTacticsEditor.dll
[31/31] WriteMetadata RefactorTacticsEditor.target [NoUba]

Total time in Unreal Build Accelerator local executor: 67.70 seconds
Output binary: D:\EpicGames\UE_5.8\Engine\Binaries\Win64\UnrealEditor.exe

Result: Succeeded
Total execution time: 92.52 seconds
Trace written to file C:\Users\Utente\AppData\Local\UnrealBuildTool\Trace.uba with size 19.7kb
