[RT] La riga di comando -RTAutobattle SCAVALCA la proprieta' bAutobattle=false del GameMode: la partita e' non presidiata. Per tornare a usare la proprieta': togli il flag.
[RT] La riga di comando -RTAutobattle SCAVALCA la proprieta' bAutobattle=false del GameMode: la partita e' non presidiata. Per tornare a usare la proprieta': togli il flag.
[RT] Nessun MatchFormat assegnato: uso il formato SPEDITO 'Format.Skirmish2v2'. Assegna un URTMatchFormatData al GameMode per sovrascriverlo.
[RT] Formato di partita in vigore: 'Format.Skirmish2v2' (RoundLimit 12, soglia obiettivo 5, 2 unita' per squadra)
[RT] AUTOBATTLE (da: -RTAutobattle): entrambe le squadre al bot, nessun input richiesto. Planning 2.00s — questa NON e' una partita normale.
[RT] Board 2v2 esagonale avviata su 64 celle con 4 eroi
[RT] Pesi bot: WKill=10000 WDamage=10 WThreat=100 WKiteViolation=50 WApproach=10 WElevation=4
[RT] BP_Unit_Gadget_C_0: arma Hero.Gadget.ReactiveCapacitor (reazione, punteggio 0)
[RT] BP_Unit_Phase_C_0: arma Reaction.HazardEscape (reazione, punteggio 0)
[RT] BP_Unit_Wraith_C_0: arma Hero.Wraith.Deflection (reazione, punteggio 0)
[RT] BP_Unit_Riktor_C_0: arma Hero.Riktor.Interposition (reazione, punteggio 0, spareggio: kit)
[RT] Turno 1 - pianificazione
[RT] Camera sulla squadra 0 (2 unita', arm=450)
[RT] CameraPawn BeginPlay (arm=450, pitch=-40)
[RT] Timer scaduto -> lock-in automatico
[RT] BP_Unit_Riktor_C_0: (q=4,r=0,L=0): reazione pronta, nessun trigger (Hero.Riktor.Interposition)
[RT] BP_Unit_Gadget_C_0: (q=-4,r=0,L=0): reazione pronta, nessun trigger (Hero.Gadget.ReactiveCapacitor)
[RT] BP_Unit_Wraith_C_0: (q=4,r=-1,L=0): reazione pronta, nessun trigger (Hero.Wraith.Deflection)
[RT] Fase Move: risolte 4 unita'
[RT] BP_Unit_Phase_C_0: (q=-2,r=2,L=0): reazione pronta, nessun trigger (Reaction.HazardEscape)
[RT] Risoluzione: 1 fasi, ~2.8s (x1.00, slack x1.00)
[RT] Playback fase: Move
[RT] Risoluzione completata (2.8s)
[RT] (q=-4,r=0,L=0): reazione pronta, nessun trigger (Hero.Gadget.ReactiveCapacitor)
[RT] (q=-2,r=2,L=0): reazione pronta, nessun trigger (Reaction.HazardEscape)
[RT] (q=4,r=-1,L=0): reazione pronta, nessun trigger (Hero.Wraith.Deflection)
[RT] (q=4,r=0,L=0): reazione pronta, nessun trigger (Hero.Riktor.Interposition)
[RT] Gadget: si muove (q=-4,r=0,L=0) -> (q=-1,r=1,L=0) (4 celle) (Action.Move, p50)
[RT] Phase: si muove (q=-4,r=1,L=0) -> (q=-2,r=2,L=0) (3 celle) (Action.Move, p50)
[RT] Wraith: si muove (q=4,r=-1,L=0) -> (q=1,r=-1,L=0) (3 celle) (Action.Move, p50)
[RT] Riktor: si muove (q=4,r=0,L=0) -> (q=1,r=1,L=0) (3 celle) (Action.Move, p50)
[RT] (q=1,r=-1,L=0): si orienta a W (movimento)
[RT] (q=1,r=1,L=0): si orienta a SW (movimento)
[RT] (q=0,r=-3,L=0) -> (q=0,r=-3,L=0): 0 danni (Objective.Control)
[RT] Pesi bot: WKill=10000 WDamage=10 WThreat=100 WKiteViolation=50 WApproach=10 WElevation=4
[RT] BP_Unit_Phase_C_0: arma Reaction.HazardEscape (reazione, punteggio 0)
[RT] BP_Unit_Gadget_C_0: arma Hero.Gadget.ReactiveCapacitor (reazione, punteggio 0)
[RT] BP_Unit_Wraith_C_0: arma Hero.Wraith.Deflection (reazione, punteggio 0)
[RT] BP_Unit_Riktor_C_0: arma Hero.Riktor.Interposition (reazione, punteggio 0, spareggio: kit)
[RT] Turno 2 - pianificazione
[RT] Timer scaduto -> lock-in automatico
[RT] BP_Unit_Riktor_C_0: (q=1,r=1,L=0): reazione pronta, nessun trigger (Hero.Riktor.Interposition)
[RT] BP_Unit_Gadget_C_0: (q=-1,r=1,L=0): reazione pronta, nessun trigger (Hero.Gadget.ReactiveCapacitor)
[RT] BP_Unit_Wraith_C_0: (q=1,r=-1,L=0): reazione pronta, nessun trigger (Hero.Wraith.Deflection)
[RT] Fase Move: risolte 4 unita'
[RT] BP_Unit_Phase_C_0: (q=-2,r=1,L=0): reazione pronta, nessun trigger (Reaction.HazardEscape)
[RT] Risoluzione: 1 fasi, ~0.7s (x1.00, slack x1.00)
[RT] Playback fase: Move
[RT] Risoluzione completata (0.7s)
[RT] (q=-2,r=1,L=0): reazione pronta, nessun trigger (Reaction.HazardEscape)
[RT] (q=-1,r=1,L=0): reazione pronta, nessun trigger (Hero.Gadget.ReactiveCapacitor)
[RT] (q=1,r=-1,L=0): reazione pronta, nessun trigger (Hero.Wraith.Deflection)
[RT] (q=1,r=1,L=0): reazione pronta, nessun trigger (Hero.Riktor.Interposition)
[RT] Phase: si muove (q=-2,r=2,L=0) -> (q=-2,r=1,L=0) (1 celle) (Action.Move, p50)
[RT] Gadget: resta (q=-1,r=1,L=0) (Action.Move, p50)
[RT] Wraith: si muove (q=1,r=-1,L=0) -> (q=-1,r=-1,L=0) (5 celle) (Action.Move, p50)
[RT] Riktor: resta (q=1,r=1,L=0) (Action.Move, p50)
[RT] (q=-2,r=1,L=0): si orienta a NW (movimento)
[RT] (q=-1,r=-1,L=0): si orienta a SE (movimento)
[RT] (q=0,r=-3,L=0) -> (q=0,r=-3,L=0): 0 danni (Objective.Control)
[RT] Pesi bot: WKill=10000 WDamage=10 WThreat=100 WKiteViolation=50 WApproach=10 WElevation=4
[RT] BP_Unit_Phase_C_0: arma Reaction.HazardEscape (reazione, punteggio 0)
[RT] BP_Unit_Wraith_C_0: arma Hero.Wraith.Deflection (reazione, punteggio 0)
[RT] BP_Unit_Gadget_C_0: arma Hero.Gadget.ReactiveCapacitor (reazione, punteggio 0)
[RT] BP_Unit_Riktor_C_0: arma Hero.Riktor.Interposition (reazione, punteggio 0, spareggio: kit)
[RT] Turno 3 - pianificazione
[RT] Timer scaduto -> lock-in automatico
[RT] BP_Unit_Riktor_C_0: (q=1,r=1,L=0): reazione pronta, nessun trigger (Hero.Riktor.Interposition)
[RT] BP_Unit_Wraith_C_0: (q=-1,r=-1,L=0): reazione pronta, nessun trigger (Hero.Wraith.Deflection)
[RT] BP_Unit_Gadget_C_0: (q=-1,r=1,L=0): reazione pronta, nessun trigger (Hero.Gadget.ReactiveCapacitor)
[RT] Fase Move: risolte 4 unita'
[RT] BP_Unit_Phase_C_0: (q=-2,r=1,L=0): reazione pronta, nessun trigger (Reaction.HazardEscape)
[RT] (q=-2,r=1,L=0): reazione pronta, nessun trigger (Reaction.HazardEscape)
[RT] (q=-1,r=-1,L=0): reazione pronta, nessun trigger (Hero.Wraith.Deflection)
[RT] (q=-1,r=1,L=0): reazione pronta, nessun trigger (Hero.Gadget.ReactiveCapacitor)
[RT] (q=1,r=1,L=0): reazione pronta, nessun trigger (Hero.Riktor.Interposition)
[RT] Phase: resta (q=-2,r=1,L=0) (Action.Move, p50)
[RT] Wraith: si muove (q=-1,r=-1,L=0) -> (q=-2,r=2,L=0) (4 celle) (Action.Move, p50)
[RT] Gadget: resta (q=-1,r=1,L=0) (Action.Move, p50)
[RT] Riktor: si muove (q=1,r=1,L=0) -> (q=1,r=-1,L=0) (3 celle) (Action.Move, p50)
[RT] (q=-2,r=2,L=0): si orienta a E (movimento)
[RT] (q=1,r=-1,L=0): si orienta a W (movimento)
[RT] (q=0,r=-3,L=0) -> (q=0,r=-3,L=0): 0 danni (Objective.Control)
[RT] Pesi bot: WKill=10000 WDamage=10 WThreat=100 WKiteViolation=50 WApproach=10 WElevation=4
[RT] BP_Unit_Phase_C_0: arma Reaction.HazardEscape (reazione, punteggio 0)
[RT] BP_Unit_Phase_C_0: utility -> (q=-2,r=1,L0) attacca BP_Unit_Wraith_C_0 score=50
[RT] BP_Unit_Wraith_C_0: arma Hero.Wraith.Deflection (reazione, punteggio 200)
[RT] BP_Unit_Wraith_C_0: utility -> scatto (q=-2,r=0,L0) + attacca BP_Unit_Phase_C_0 score=100
[RT] BP_Unit_Gadget_C_0: arma Hero.Gadget.ReactiveCapacitor (reazione, punteggio 100)
[RT] BP_Unit_Gadget_C_0: utility -> (q=-1,r=1,L0) attacca BP_Unit_Wraith_C_0 score=130
[RT] BP_Unit_Riktor_C_0: arma Hero.Riktor.Interposition (reazione, punteggio 0, spareggio: kit)
[RT] BP_Unit_Riktor_C_0: utility -> (q=0,r=-3,L0) score=-40
[RT] Turno 4 - pianificazione
[RT] Timer scaduto -> lock-in automatico
[RT] Scatto: BP_Unit_Wraith_C_0 -> (q=-2,r=0,L0)
[RT] Fase Dash: 1 scatti
[RT] BP_Unit_Riktor_C_0: (q=1,r=-1,L=0): reazione pronta, nessun trigger (Hero.Riktor.Interposition)
[RT] BP_Unit_Wraith_C_0: (q=-2,r=0,L=0): reazione pronta, nessun trigger (Hero.Wraith.Deflection)
[RT] BP_Unit_Gadget_C_0: (q=-1,r=1,L=0): reazione pronta, nessun trigger (Hero.Gadget.ReactiveCapacitor)
[RT] (q=-1,r=1,L=0) -> (q=-2,r=0,L=0): nessuna linea di tiro (Hero.Gadget.LinearDischarge, p55) (BP_Unit_Gadget_C_0 -> BP_Unit_Wraith_C_0)
[RT] Blast: 3 attacchi
[RT] Spinta: BP_Unit_Wraith_C_0 -> (q=-2,r=-2,L0)
[RT] Status: BP_Unit_Wraith_C_0
[RT] Fase Move: risolte 4 unita'
[RT] BP_Unit_Phase_C_0: (q=-2,r=1,L=0): reazione pronta, nessun trigger (Reaction.HazardEscape)
[RT] Obiettivo: team 1 +1 (ora 0-1)
[RT] Risoluzione: 2 fasi, ~2.9s (x1.00, slack x1.00)
[RT] Playback fase: Dash
[RT] Playback fase: Blast
[RT] Colpo: BP_Unit_Wraith_C_0 -> BP_Unit_Phase_C_0 (20)
[RT] Colpo: BP_Unit_Wraith_C_0 -> BP_Unit_Phase_C_0 (21)
[RT] Colpo: BP_Unit_Phase_C_0 -> BP_Unit_Wraith_C_0 (16)
[RT] Risoluzione completata (2.9s)
[RT] Wraith: si muove (q=-2,r=2,L=0) -> (q=-2,r=0,L=0) (2 celle) (Hero.Wraith.PassingBlade, p30)
[RT] (q=-2,r=2,L=0): si orienta a NW (scatto)
[RT] Wraith: spostata (q=-2,r=0,L=0) -> (q=-2,r=-2,L=0) (2 celle) (Action.BasicAttack · Hero.Phase.PressureJet, p50)
[RT] (q=-2,r=0,L=0) -> (q=-2,r=1,L=0): 36 danni (Hero.Wraith.PassingBlade, p30)
[RT] (q=-2,r=0,L=0) -> (q=-2,r=1,L=0): 36 danni (Action.BasicAttack · Hero.Wraith.PulseShot, p50)
[RT] (q=-2,r=1,L=0) -> (q=-2,r=0,L=0): 11 danni (Action.BasicAttack · Hero.Phase.PressureJet, p50)
[RT] (q=-1,r=1,L=0) -> (q=-2,r=0,L=0): nessuna linea di tiro (Hero.Gadget.LinearDischarge, p55)
[RT] (q=-2,r=0,L=0): reazione pronta, nessun trigger (Hero.Wraith.Deflection)
[RT] (q=-2,r=1,L=0): reazione pronta, nessun trigger (Reaction.HazardEscape)
[RT] (q=-1,r=1,L=0): reazione pronta, nessun trigger (Hero.Gadget.ReactiveCapacitor)
[RT] (q=1,r=-1,L=0): reazione pronta, nessun trigger (Hero.Riktor.Interposition)
[RT] (q=-2,r=0,L=0): si orienta a SE verso il bersaglio
[RT] (q=-2,r=0,L=0): colpito sul lato Front
[RT] (q=-2,r=1,L=0): colpito sul lato Front
[RT] (q=-2,r=1,L=0): colpito sul lato Front
[RT] (q=-1,r=1,L=0): si orienta a NW verso il bersaglio
[RT] (q=-2,r=-2,L=0): Status.Wet per 1 turno/i, da un'azione
[RT] Wraith: resta (q=-2,r=-2,L=0) (Action.Move, p50)
[RT] Phase: resta (q=-2,r=1,L=0) (Action.Move, p50)
[RT] Gadget: resta (q=-1,r=1,L=0) (Action.Move, p50)
[RT] Riktor: si muove (q=1,r=-1,L=0) -> (q=0,r=-3,L=0) (3 celle) (Action.Move, p50)
[RT] (q=-2,r=-2,L=0): Status.Wet scaduto
[RT] (q=0,r=-3,L=0) -> (q=0,r=-3,L=0): nessuna linea di tiro (Objective.Control)
[RT] Pesi bot: WKill=10000 WDamage=10 WThreat=100 WKiteViolation=50 WApproach=10 WElevation=4
[RT] BP_Unit_Wraith_C_0: arma Hero.Wraith.Deflection (reazione, punteggio 100)
[RT] BP_Unit_Wraith_C_0: utility -> (q=-2,r=-2,L0) attacca BP_Unit_Phase_C_0 score=80
[RT] BP_Unit_Phase_C_0: arma Reaction.HazardEscape (reazione, punteggio 0)
[RT] BP_Unit_Phase_C_0: utility -> scatto (q=-2,r=-1,L0) + attacca BP_Unit_Wraith_C_0 score=50
[RT] BP_Unit_Gadget_C_0: arma Hero.Gadget.ReactiveCapacitor (reazione, punteggio 0)
[RT] BP_Unit_Gadget_C_0: utility -> (q=-3,r=3,L0) score=-35
[RT] BP_Unit_Riktor_C_0: arma Hero.Riktor.Interposition (reazione, punteggio 100)
[RT] BP_Unit_Riktor_C_0: utility -> (q=-1,r=-1,L0) score=-20
[RT] Turno 5 - pianificazione
[RT] Timer scaduto -> lock-in automatico
[RT] Scatto: BP_Unit_Phase_C_0 -> (q=-2,r=-1,L0)
[RT] Fase Dash: 1 scatti
[RT] BP_Unit_Riktor_C_0: (q=0,r=-3,L=0): reazione pronta, nessun trigger (Hero.Riktor.Interposition)
[RT] BP_Unit_Wraith_C_0: (q=-2,r=-2,L=0): reazione pronta, nessun trigger (Hero.Wraith.Deflection)
[RT] BP_Unit_Gadget_C_0: (q=-1,r=1,L=0): reazione pronta, nessun trigger (Hero.Gadget.ReactiveCapacitor)
[RT] Blast: 2 attacchi
[RT] Status: BP_Unit_Wraith_C_0
[RT] Fase Move: risolte 4 unita'
[RT] BP_Unit_Phase_C_0: (q=-2,r=-1,L=0): reazione pronta, nessun trigger (Reaction.HazardEscape)
[RT] Risoluzione: 3 fasi, ~3.8s (x1.00, slack x1.00)
[RT] Playback fase: Dash
[RT] Playback fase: Blast
[RT] Colpo: BP_Unit_Wraith_C_0 -> BP_Unit_Phase_C_0 (21)
[RT] Colpo: BP_Unit_Phase_C_0 -> BP_Unit_Wraith_C_0 (16)
[RT] Playback fase: Move
[RT] Risoluzione completata (3.8s)
[RT] Phase: si muove (q=-2,r=1,L=0) -> (q=-2,r=-1,L=0) (2 celle) (Hero.Phase.FluidTrail, p30)
[RT] Wraith: spinta annullata: nessuna uscita (q=-2,r=-2,L=0) (Action.BasicAttack · Hero.Phase.PressureJet, p50)
[RT] (q=-2,r=-2,L=0) -> (q=-2,r=-1,L=0): 16 danni (Action.BasicAttack · Hero.Wraith.PulseShot, p50)
[RT] (q=-2,r=-1,L=0) -> (q=-2,r=-2,L=0): 11 danni (Action.BasicAttack · Hero.Phase.PressureJet, p50)
[RT] (q=-2,r=-2,L=0): reazione pronta, nessun trigger (Hero.Wraith.Deflection)
[RT] (q=-2,r=-1,L=0): reazione pronta, nessun trigger (Reaction.HazardEscape)
[RT] (q=-1,r=1,L=0): reazione pronta, nessun trigger (Hero.Gadget.ReactiveCapacitor)
[RT] (q=0,r=-3,L=0): reazione pronta, nessun trigger (Hero.Riktor.Interposition)
[RT] (q=-2,r=-2,L=0): colpito sul lato Front
[RT] (q=-2,r=-1,L=0): colpito sul lato Front
[RT] (q=-2,r=-2,L=0): Status.Wet per 1 turno/i, da un'azione
[RT] Wraith: resta (q=-2,r=-2,L=0) (Action.Move, p50)
[RT] Phase: resta (q=-2,r=-1,L=0) (Action.Move, p50)
[RT] Gadget: si muove (q=-1,r=1,L=0) -> (q=-3,r=3,L=0) (2 celle) (Action.Move, p50)
[RT] Riktor: si muove (q=0,r=-3,L=0) -> (q=-1,r=-1,L=0) (2 celle) (Action.Move, p50)
[RT] (q=-3,r=3,L=0): si orienta a SW (movimento)
[RT] (q=-1,r=-1,L=0): si orienta a SE (movimento)
[RT] (q=-2,r=-2,L=0): Status.Wet scaduto
[RT] (q=0,r=-3,L=0) -> (q=0,r=-3,L=0): 0 danni (Objective.Control)
[RT] Pesi bot: WKill=10000 WDamage=10 WThreat=100 WKiteViolation=50 WApproach=10 WElevation=4
[RT] BP_Unit_Gadget_C_0: arma Hero.Gadget.ReactiveCapacitor (reazione, punteggio 0)
[RT] BP_Unit_Gadget_C_0: utility -> (q=-3,r=3,L0) score=-30 (resta)
[RT] BP_Unit_Wraith_C_0: arma Hero.Wraith.Deflection (reazione, punteggio 200)
[RT] BP_Unit_Wraith_C_0: utility -> scatto (q=-1,r=-3,L0) + attacca BP_Unit_Phase_C_0 score=90
[RT] BP_Unit_Phase_C_0: arma Reaction.HazardEscape (reazione, punteggio 0)
[RT] BP_Unit_Phase_C_0: utility -> (q=-4,r=3,L0) score=-25
[RT] BP_Unit_Riktor_C_0: arma Hero.Riktor.Interposition (reazione, punteggio 100)
[RT] BP_Unit_Riktor_C_0: utility -> CARICA su BP_Unit_Phase_C_0 (impatto da (q=-1,r=-1,L0)) score=90
[RT] Turno 6 - pianificazione
[RT] Timer scaduto -> lock-in automatico
[RT] Scatto: BP_Unit_Wraith_C_0 -> (q=-1,r=-3,L0)
[RT] Scatto: BP_Unit_Riktor_C_0 -> (q=-1,r=-1,L0)
[RT] Fase Dash: 2 scatti
[RT] BP_Unit_Riktor_C_0: (q=-1,r=-1,L=0): reazione pronta, nessun trigger (Hero.Riktor.Interposition)
[RT] BP_Unit_Gadget_C_0: (q=-3,r=3,L=0): reazione pronta, nessun trigger (Hero.Gadget.ReactiveCapacitor)
[RT] BP_Unit_Wraith_C_0: (q=-1,r=-3,L=0): reazione pronta, nessun trigger (Hero.Wraith.Deflection)
[RT] Blast: 1 attacchi
[RT] Fase Move: risolte 4 unita'
[RT] BP_Unit_Phase_C_0: (q=-4,r=3,L=0): reazione pronta, nessun trigger (Reaction.HazardEscape)
[RT] Risoluzione: 3 fasi, ~4.0s (x1.00, slack x1.00)
[RT] Playback fase: Dash
[RT] Playback fase: Blast
[RT] Colpo: BP_Unit_Wraith_C_0 -> BP_Unit_Phase_C_0 (21)
[RT] Playback fase: Move
[RT] Risoluzione completata (4.0s)
[RT] Wraith: si muove (q=-2,r=-2,L=0) -> (q=-1,r=-3,L=0) (1 celle) (Hero.Wraith.PassingBlade, p30)
[RT] Riktor: resta (q=-1,r=-1,L=0) (Hero.Riktor.Ram, p35)
[RT] (q=-2,r=-2,L=0): si orienta a NE (scatto)
[RT] (q=-1,r=-3,L=0) -> (q=-2,r=-1,L=0): 16 danni (Action.BasicAttack · Hero.Wraith.PulseShot, p50)
[RT] (q=-4,r=3,L=0): reazione pronta, nessun trigger (Reaction.HazardEscape)
[RT] (q=-3,r=3,L=0): reazione pronta, nessun trigger (Hero.Gadget.ReactiveCapacitor)
[RT] (q=-1,r=-3,L=0): reazione pronta, nessun trigger (Hero.Wraith.Deflection)
[RT] (q=-1,r=-1,L=0): reazione pronta, nessun trigger (Hero.Riktor.Interposition)
[RT] (q=-2,r=-1,L=0): colpito sul lato FrontRight
[RT] (q=-1,r=-3,L=0): si orienta a SE verso il bersaglio
[RT] Gadget: resta (q=-3,r=3,L=0) (Action.Move, p50)
[RT] Phase: si muove (q=-2,r=-1,L=0) -> (q=-4,r=3,L=0) (4 celle) (Action.Move, p50)
[RT] Wraith: resta (q=-1,r=-3,L=0) (Action.Move, p50)
[RT] Riktor: resta (q=-1,r=-1,L=0) (Action.Move, p50)
[RT] (q=-4,r=3,L=0): si orienta a SE (movimento)
[RT] (q=0,r=-3,L=0) -> (q=0,r=-3,L=0): 0 danni (Objective.Control)
[RT] Pesi bot: WKill=10000 WDamage=10 WThreat=100 WKiteViolation=50 WApproach=10 WElevation=4
[RT] BP_Unit_Phase_C_0: arma Reaction.HazardEscape (reazione, punteggio 0)
[RT] BP_Unit_Phase_C_0: utility -> scatto (q=-2,r=1,L0) + attacca BP_Unit_Wraith_C_0 score=200
[RT] BP_Unit_Gadget_C_0: arma Hero.Gadget.ReactiveCapacitor (reazione, punteggio 0)
[RT] BP_Unit_Gadget_C_0: utility -> (q=-2,r=2,L0) score=-25
[RT] BP_Unit_Wraith_C_0: arma Hero.Wraith.Deflection (reazione, punteggio 0)
[RT] BP_Unit_Wraith_C_0: utility -> (q=-1,r=-3,L0) score=-45 (resta)
[RT] BP_Unit_Riktor_C_0: arma Hero.Riktor.Interposition (reazione, punteggio 0, spareggio: kit)
[RT] BP_Unit_Riktor_C_0: utility -> (q=0,r=-3,L0) score=-45
[RT] Turno 7 - pianificazione
[RT] Timer scaduto -> lock-in automatico
[RT] Scatto: BP_Unit_Phase_C_0 -> (q=-2,r=1,L0)
[RT] Fase Dash: 1 scatti
[RT] BP_Unit_Riktor_C_0: (q=-1,r=-1,L=0): reazione pronta, nessun trigger (Hero.Riktor.Interposition)
[RT] BP_Unit_Gadget_C_0: (q=-3,r=3,L=0): reazione pronta, nessun trigger (Hero.Gadget.ReactiveCapacitor)
[RT] BP_Unit_Wraith_C_0: (q=-1,r=-3,L=0): reazione pronta, nessun trigger (Hero.Wraith.Deflection)
[RT] Blast: 2 attacchi
[RT] Spinta: BP_Unit_Riktor_C_0 -> (q=-1,r=-2,L0)
[RT] Status: BP_Unit_Wraith_C_0
[RT] Status: BP_Unit_Riktor_C_0
[RT] Fase Move: risolte 4 unita'
[RT] BP_Unit_Phase_C_0: (q=-2,r=1,L=0): reazione pronta, nessun trigger (Reaction.HazardEscape)
[RT] Obiettivo: team 1 +1 (ora 0-2)
[RT] Risoluzione: 3 fasi, ~3.1s (x1.00, slack x1.00)
[RT] Playback fase: Dash
[RT] Playback fase: Blast
[RT] Colpo: BP_Unit_Phase_C_0 -> BP_Unit_Wraith_C_0 (16)
[RT] Colpo: BP_Unit_Phase_C_0 -> BP_Unit_Riktor_C_0 (16)
[RT] Playback fase: Move
[RT] Risoluzione completata (3.1s)
[RT] Phase: si muove (q=-4,r=3,L=0) -> (q=-2,r=1,L=0) (2 celle) (Hero.Phase.FluidTrail, p30)
[RT] (q=-4,r=3,L=0): si orienta a NE (scatto)
[RT] Wraith: spinta annullata: nessuna uscita (q=-1,r=-3,L=0) (Action.BasicAttack · Hero.Phase.PressureJet, p50)
[RT] Riktor: spostata (q=-1,r=-1,L=0) -> (q=-1,r=-2,L=0) (1 celle) (Action.BasicAttack · Hero.Phase.PressureJet, p50)
[RT] (q=-2,r=1,L=0) -> (q=-1,r=-3,L=0): 11 danni (Action.BasicAttack · Hero.Phase.PressureJet, p50)
[RT] (q=-2,r=1,L=0) -> (q=-1,r=-1,L=0): 11 danni (Action.BasicAttack · Hero.Phase.PressureJet, p50)
[RT] (q=-3,r=3,L=0): reazione pronta, nessun trigger (Hero.Gadget.ReactiveCapacitor)
[RT] (q=-2,r=1,L=0): reazione pronta, nessun trigger (Reaction.HazardEscape)
[RT] (q=-1,r=-3,L=0): reazione pronta, nessun trigger (Hero.Wraith.Deflection)
[RT] (q=-1,r=-1,L=0): reazione pronta, nessun trigger (Hero.Riktor.Interposition)
[RT] (q=-2,r=1,L=0): si orienta a NW verso il bersaglio
[RT] (q=-1,r=-3,L=0): colpito sul lato FrontRight
[RT] (q=-1,r=-1,L=0): colpito sul lato FrontRight
[RT] (q=-1,r=-3,L=0): Status.Wet per 1 turno/i, da un'azione
[RT] (q=-1,r=-2,L=0): Status.Wet per 1 turno/i, da un'azione
[RT] Gadget: si muove (q=-3,r=3,L=0) -> (q=-2,r=2,L=0) (1 celle) (Action.Move, p50)
[RT] Phase: resta (q=-2,r=1,L=0) (Action.Move, p50)
[RT] Wraith: resta (q=-1,r=-3,L=0) (Action.Move, p50)
[RT] Riktor: si muove (q=-1,r=-2,L=0) -> (q=0,r=-3,L=0) (1 celle) (Action.Move, p50)
[RT] (q=-2,r=2,L=0): si orienta a NE (movimento)
[RT] (q=0,r=-3,L=0): si orienta a NE (movimento)
[RT] (q=-1,r=-3,L=0): Status.Wet scaduto
[RT] (q=0,r=-3,L=0): Status.Wet scaduto
[RT] (q=0,r=-3,L=0) -> (q=0,r=-3,L=0): nessuna linea di tiro (Objective.Control)
[RT] Pesi bot: WKill=10000 WDamage=10 WThreat=100 WKiteViolation=50 WApproach=10 WElevation=4
[RT] BP_Unit_Phase_C_0: arma Reaction.HazardEscape (reazione, punteggio 0)
[RT] BP_Unit_Phase_C_0: utility -> (q=-2,r=1,L0) attacca BP_Unit_Wraith_C_0 score=20
[RT] BP_Unit_Gadget_C_0: arma Hero.Gadget.ReactiveCapacitor (reazione, punteggio 0)
[RT] BP_Unit_Gadget_C_0: utility -> (q=-2,r=2,L0) score=-50 (resta)
[RT] BP_Unit_Wraith_C_0: arma Hero.Wraith.Deflection (reazione, punteggio 200)
[RT] BP_Unit_Wraith_C_0: utility -> scatto (q=-1,r=-2,L0) + attacca BP_Unit_Phase_C_0 score=80
[RT] BP_Unit_Riktor_C_0: arma Hero.Riktor.Interposition (reazione, punteggio 100)
[RT] Turno 8 - pianificazione
[RT] Timer scaduto -> lock-in automatico
[RT] Scatto: BP_Unit_Wraith_C_0 -> (q=-1,r=-2,L0)
[RT] Fase Dash: 1 scatti
[RT] BP_Unit_Riktor_C_0: (q=0,r=-3,L=0): reazione pronta, nessun trigger (Hero.Riktor.Interposition)
[RT] BP_Unit_Gadget_C_0: (q=-2,r=2,L=0): reazione pronta, nessun trigger (Hero.Gadget.ReactiveCapacitor)
[RT] BP_Unit_Wraith_C_0: (q=-1,r=-2,L=0): reazione pronta, nessun trigger (Hero.Wraith.Deflection)
[RT] Blast: 2 attacchi
[RT] Spinta: BP_Unit_Wraith_C_0 -> (q=-1,r=-3,L0)
[RT] Status: BP_Unit_Wraith_C_0
[RT] Fase Move: risolte 4 unita'
[RT] BP_Unit_Phase_C_0: (q=-2,r=1,L=0): reazione pronta, nessun trigger (Reaction.HazardEscape)
[RT] Risoluzione: 2 fasi, ~1.7s (x1.00, slack x1.00)
[RT] Playback fase: Dash
[RT] Playback fase: Blast
[RT] Colpo: BP_Unit_Phase_C_0 -> BP_Unit_Wraith_C_0 (16)
[RT] Colpo: BP_Unit_Wraith_C_0 -> BP_Unit_Phase_C_0 (21)
[RT] Risoluzione completata (1.7s)
[RT] Wraith: si muove (q=-1,r=-3,L=0) -> (q=-1,r=-2,L=0) (1 celle) (Hero.Wraith.PassingBlade, p30)
[RT] Wraith: spostata (q=-1,r=-2,L=0) -> (q=-1,r=-3,L=0) (1 celle) (Action.BasicAttack · Hero.Phase.PressureJet, p50)
[RT] (q=-2,r=1,L=0) -> (q=-1,r=-2,L=0): 11 danni (Action.BasicAttack · Hero.Phase.PressureJet, p50)
[RT] (q=-1,r=-2,L=0) -> (q=-2,r=1,L=0): 16 danni (Action.BasicAttack · Hero.Wraith.PulseShot, p50)
[RT] (q=-2,r=1,L=0): reazione pronta, nessun trigger (Reaction.HazardEscape)
[RT] (q=-2,r=2,L=0): reazione pronta, nessun trigger (Hero.Gadget.ReactiveCapacitor)
[RT] (q=-1,r=-2,L=0): reazione pronta, nessun trigger (Hero.Wraith.Deflection)
[RT] (q=0,r=-3,L=0): reazione pronta, nessun trigger (Hero.Riktor.Interposition)
[RT] (q=-2,r=1,L=0): colpito sul lato FrontRight
[RT] (q=-1,r=-2,L=0): colpito sul lato FrontRight
[RT] (q=-1,r=-3,L=0): Status.Wet per 1 turno/i, da un'azione
[RT] Phase: resta (q=-2,r=1,L=0) (Action.Move, p50)
[RT] Gadget: resta (q=-2,r=2,L=0) (Action.Move, p50)
[RT] Wraith: resta (q=-1,r=-3,L=0) (Action.Move, p50)
[RT] Riktor: si muove (q=0,r=-3,L=0) -> (q=1,r=-1,L=0) (3 celle) (Action.Move, p50)
[RT] (q=1,r=-1,L=0): si orienta a SE (movimento)
[RT] (q=-1,r=-3,L=0): Status.Wet scaduto
[RT] (q=0,r=-3,L=0) -> (q=0,r=-3,L=0): 0 danni (Objective.Control)
[RT] Pesi bot: WKill=10000 WDamage=10 WThreat=100 WKiteViolation=50 WApproach=10 WElevation=4
[RT] BP_Unit_Phase_C_0: arma Reaction.HazardEscape (reazione, punteggio 0)
[RT] BP_Unit_Phase_C_0: utility -> scatto (q=-2,r=-2,L0) + attacca BP_Unit_Wraith_C_0 score=50
[RT] BP_Unit_Gadget_C_0: arma Hero.Gadget.ReactiveCapacitor (reazione, punteggio 0)
[RT] BP_Unit_Gadget_C_0: utility -> (q=-2,r=2,L0) score=-50 (resta)
[RT] BP_Unit_Wraith_C_0: arma Hero.Wraith.Deflection (reazione, punteggio 200)
[RT] BP_Unit_Wraith_C_0: utility -> (q=-1,r=-3,L0) attacca BP_Unit_Phase_C_0 score=9970
[RT] BP_Unit_Riktor_C_0: arma Hero.Riktor.Interposition (reazione, punteggio 0, spareggio: kit)
[RT] BP_Unit_Riktor_C_0: utility -> (q=0,r=-3,L0) score=-40
[RT] Turno 9 - pianificazione
[RT] Timer scaduto -> lock-in automatico
[RT] Scatto: BP_Unit_Phase_C_0 -> (q=-2,r=-2,L0)
[RT] Fase Dash: 1 scatti
[RT] BP_Unit_Riktor_C_0: (q=1,r=-1,L=0): reazione pronta, nessun trigger (Hero.Riktor.Interposition)
[RT] BP_Unit_Gadget_C_0: (q=-2,r=2,L=0): reazione pronta, nessun trigger (Hero.Gadget.ReactiveCapacitor)
[RT] BP_Unit_Wraith_C_0: (q=-1,r=-3,L=0): reazione pronta, nessun trigger (Hero.Wraith.Deflection)
[RT] Blast: 2 attacchi
[RT] Eliminata: BP_Unit_Phase_C_0 (team 0)
[RT] Status: BP_Unit_Wraith_C_0
[RT] Fase Move: risolte 3 unita'
[RT] BP_Unit_Phase_C_0: (q=-2,r=-2,L=0): reazione pronta, nessun trigger (Reaction.HazardEscape)
[RT] Obiettivo: team 1 +1 (ora 0-3)
[RT] Risoluzione: 2 fasi, ~3.1s (x1.00, slack x1.00)
[RT] Playback fase: Dash
[RT] Playback fase: Blast
[RT] Colpo: BP_Unit_Phase_C_0 -> BP_Unit_Wraith_C_0 (16)
[RT] Colpo: BP_Unit_Wraith_C_0 -> BP_Unit_Phase_C_0 (21)
[RT] Morte mostrata: BP_Unit_Phase_C_0
[RT] Risoluzione completata (3.1s)
[RT] Phase: si muove (q=-2,r=1,L=0) -> (q=-2,r=-2,L=0) (3 celle) (Hero.Phase.FluidTrail, p30)
[RT] Wraith: spinta annullata: nessuna uscita (q=-1,r=-3,L=0) (Action.BasicAttack · Hero.Phase.PressureJet, p50)
[RT] (q=-2,r=-2,L=0) -> (q=-1,r=-3,L=0): 11 danni (Action.BasicAttack · Hero.Phase.PressureJet, p50)
[RT] (q=-1,r=-3,L=0) -> (q=-2,r=-2,L=0): 11 danni, eliminata (Action.BasicAttack · Hero.Wraith.PulseShot, p50)
[RT] (q=-2,r=-2,L=0): reazione pronta, nessun trigger (Reaction.HazardEscape)
[RT] (q=-2,r=2,L=0): reazione pronta, nessun trigger (Hero.Gadget.ReactiveCapacitor)
[RT] (q=-1,r=-3,L=0): reazione pronta, nessun trigger (Hero.Wraith.Deflection)
[RT] (q=1,r=-1,L=0): reazione pronta, nessun trigger (Hero.Riktor.Interposition)
[RT] (q=-2,r=-2,L=0): si orienta a NE verso il bersaglio
[RT] (q=-2,r=-2,L=0): colpito sul lato Front
[RT] (q=-1,r=-3,L=0): si orienta a SW verso il bersaglio
[RT] (q=-1,r=-3,L=0): colpito sul lato Front
[RT] (q=-1,r=-3,L=0): Status.Wet per 1 turno/i, da un'azione
[RT] Gadget: resta (q=-2,r=2,L=0) (Action.Move, p50)
[RT] Wraith: resta (q=-1,r=-3,L=0) (Action.Move, p50)
[RT] Riktor: si muove (q=1,r=-1,L=0) -> (q=0,r=-3,L=0) (3 celle) (Action.Move, p50)
[RT] (q=0,r=-3,L=0): si orienta a W (movimento)
[RT] (q=-1,r=-3,L=0): Status.Wet scaduto
[RT] (q=0,r=-3,L=0) -> (q=0,r=-3,L=0): nessuna linea di tiro (Objective.Control)
[RT] Pesi bot: WKill=10000 WDamage=10 WThreat=100 WKiteViolation=50 WApproach=10 WElevation=4
[RT] BP_Unit_Gadget_C_0: arma Hero.Gadget.ReactiveCapacitor (reazione, punteggio 0)
[RT] BP_Unit_Gadget_C_0: utility -> (q=-2,r=2,L0) attacca BP_Unit_Wraith_C_0 score=190
[RT] BP_Unit_Wraith_C_0: arma Hero.Wraith.Deflection (reazione, punteggio 100)
[RT] BP_Unit_Wraith_C_0: utility -> scatto (q=-2,r=-2,L0) + attacca BP_Unit_Gadget_C_0 score=70
[RT] BP_Unit_Riktor_C_0: arma Hero.Riktor.Interposition (reazione, punteggio 100)
[RT] BP_Unit_Riktor_C_0: utility -> (q=-1,r=-1,L0) score=-30
[RT] Turno 10 - pianificazione
[RT] Timer scaduto -> lock-in automatico
[RT] Scatto: BP_Unit_Wraith_C_0 -> (q=-2,r=-2,L0)
[RT] Fase Dash: 1 scatti
[RT] BP_Unit_Riktor_C_0: (q=0,r=-3,L=0): reazione pronta, nessun trigger (Hero.Riktor.Interposition)
[RT] BP_Unit_Wraith_C_0: (q=-2,r=-2,L=0): reazione pronta, nessun trigger (Hero.Wraith.Deflection)
[RT] BP_Unit_Gadget_C_0: +15 scudo dalla reazione
[RT] BP_Unit_Gadget_C_0: contrattacco su BP_Unit_Wraith_C_0 (10)
[RT] BP_Unit_Gadget_C_0: (q=-2,r=2,L=0): reazione attivata (Hero.Gadget.ReactiveCapacitor)
[RT] Blast: 3 attacchi
[RT] Fase Move: risolte 3 unita'
[RT] Risoluzione: 2 fasi, ~1.7s (x1.00, slack x1.00)
[RT] Playback fase: Dash
[RT] Playback fase: Blast
[RT] Colpo: BP_Unit_Wraith_C_0 -> BP_Unit_Gadget_C_0 (21)
[RT] Colpo: BP_Unit_Gadget_C_0 -> BP_Unit_Wraith_C_0 (24)
[RT] Risoluzione completata (1.7s)
[RT] Wraith: si muove (q=-1,r=-3,L=0) -> (q=-2,r=-2,L=0) (1 celle) (Hero.Wraith.PassingBlade, p30)
[RT] (q=-2,r=-2,L=0) -> (q=-2,r=2,L=0): 1 danni (Action.BasicAttack · Hero.Wraith.PulseShot, p50)
[RT] (q=-2,r=2,L=0) -> (q=-2,r=-2,L=0): 29 danni (Hero.Gadget.LinearDischarge, p55)
[RT] (q=-2,r=2,L=0) -> (q=-2,r=-2,L=0): 29 danni (Hero.Gadget.ReactiveCapacitor, p20)
[RT] (q=-2,r=-2,L=0): reazione pronta, nessun trigger (Hero.Wraith.Deflection)
[RT] (q=-2,r=2,L=0): reazione attivata (Hero.Gadget.ReactiveCapacitor)
[RT] (q=0,r=-3,L=0): reazione pronta, nessun trigger (Hero.Riktor.Interposition)
[RT] (q=-2,r=-2,L=0): si orienta a SE verso il bersaglio
[RT] (q=-2,r=-2,L=0): colpito sul lato Front
[RT] (q=-2,r=-2,L=0): colpito sul lato Front
[RT] (q=-2,r=2,L=0): si orienta a NW verso il bersaglio
[RT] (q=-2,r=2,L=0): colpito sul lato Front
[RT] Wraith: resta (q=-2,r=-2,L=0) (Action.Move, p50)
[RT] Gadget: resta (q=-2,r=2,L=0) (Action.Move, p50)
[RT] Riktor: si muove (q=0,r=-3,L=0) -> (q=-1,r=-1,L=0) (2 celle) (Action.Move, p50)
[RT] (q=-1,r=-1,L=0): si orienta a SE (movimento)
[RT] (q=0,r=-3,L=0) -> (q=0,r=-3,L=0): 0 danni (Objective.Control)
[RT] Pesi bot: WKill=10000 WDamage=10 WThreat=100 WKiteViolation=50 WApproach=10 WElevation=4
[RT] BP_Unit_Wraith_C_0: arma Hero.Wraith.Deflection (reazione, punteggio 100)
[RT] BP_Unit_Wraith_C_0: utility -> (q=-2,r=-2,L0) attacca BP_Unit_Gadget_C_0 score=70
[RT] BP_Unit_Gadget_C_0: utility -> (q=-2,r=2,L0) attacca BP_Unit_Wraith_C_0 score=10080
[RT] BP_Unit_Riktor_C_0: arma Hero.Riktor.Interposition (reazione, punteggio 100)
[RT] BP_Unit_Riktor_C_0: utility -> (q=-1,r=-1,L0) score=-30 (resta)
[RT] Turno 11 - pianificazione
[RT] Timer scaduto -> lock-in automatico
[RT] BP_Unit_Riktor_C_0: (q=-1,r=-1,L=0): reazione pronta, nessun trigger (Hero.Riktor.Interposition)
[RT] BP_Unit_Wraith_C_0: (q=-2,r=-2,L=0): reazione attivata (Hero.Wraith.Deflection)
[RT] Blast: 2 attacchi
[RT] Fase Move: risolte 3 unita'
[RT] Risoluzione: 1 fasi, ~1.0s (x1.00, slack x1.00)
[RT] Playback fase: Blast
[RT] Colpo: BP_Unit_Wraith_C_0 -> BP_Unit_Gadget_C_0 (21)
[RT] Colpo: BP_Unit_Gadget_C_0 -> BP_Unit_Wraith_C_0 (22)
[RT] Risoluzione completata (1.0s)
[RT] (q=-2,r=-2,L=0) -> (q=-2,r=2,L=0): 16 danni (Action.BasicAttack · Hero.Wraith.PulseShot, p50)
[RT] (q=-2,r=2,L=0) -> (q=-2,r=-2,L=0): 0 assorbiti dallo scudo (Action.BasicAttack · Hero.Gadget.ArcPulse, p50)
[RT] (q=-2,r=-2,L=0): reazione attivata (Hero.Wraith.Deflection)
[RT] (q=-1,r=-1,L=0): reazione pronta, nessun trigger (Hero.Riktor.Interposition)
[RT] (q=-2,r=-2,L=0): colpito sul lato Front
[RT] (q=-2,r=2,L=0): colpito sul lato Front
[RT] Wraith: resta (q=-2,r=-2,L=0) (Action.Move, p50)
[RT] Gadget: resta (q=-2,r=2,L=0) (Action.Move, p50)
[RT] Riktor: resta (q=-1,r=-1,L=0) (Action.Move, p50)
[RT] (q=0,r=-3,L=0) -> (q=0,r=-3,L=0): 0 danni (Objective.Control)
[RT] Pesi bot: WKill=10000 WDamage=10 WThreat=100 WKiteViolation=50 WApproach=10 WElevation=4
[RT] BP_Unit_Wraith_C_0: utility -> scatto (q=-2,r=1,L0) + attacca BP_Unit_Gadget_C_0 score=100
[RT] BP_Unit_Gadget_C_0: utility -> (q=-2,r=2,L0) attacca BP_Unit_Wraith_C_0 score=10100
[RT] BP_Unit_Riktor_C_0: arma Hero.Riktor.Interposition (reazione, punteggio 100)
[RT] BP_Unit_Riktor_C_0: utility -> (q=-1,r=-1,L0) score=-30 (resta)
[RT] Turno 12 - pianificazione
[RT] Timer scaduto -> lock-in automatico
[RT] Scatto: BP_Unit_Wraith_C_0 -> (q=-2,r=1,L0)
[RT] Fase Dash: 1 scatti
[RT] BP_Unit_Riktor_C_0: (q=-1,r=-1,L=0): reazione pronta, nessun trigger (Hero.Riktor.Interposition)
[RT] Blast: 2 attacchi
[RT] Eliminata: BP_Unit_Wraith_C_0 (team 1)
[RT] Fase Move: risolte 2 unita'
[RT] Risoluzione: 2 fasi, ~3.1s (x1.00, slack x1.00)
[RT] Playback fase: Dash
[RT] Playback fase: Blast
[RT] Colpo: BP_Unit_Wraith_C_0 -> BP_Unit_Gadget_C_0 (21)
[RT] Colpo: BP_Unit_Gadget_C_0 -> BP_Unit_Wraith_C_0 (24)
[RT] Morte mostrata: BP_Unit_Wraith_C_0
[RT] Risoluzione completata (3.1s)
[RT] Wraith: si muove (q=-2,r=-2,L=0) -> (q=-2,r=1,L=0) (3 celle) (Hero.Wraith.PassingBlade, p30)
[RT] (q=-2,r=1,L=0) -> (q=-2,r=2,L=0): 16 danni (Action.BasicAttack · Hero.Wraith.PulseShot, p50)
[RT] (q=-2,r=2,L=0) -> (q=-2,r=1,L=0): 6 danni, eliminata (Hero.Gadget.LinearDischarge, p55)
[RT] (q=-1,r=-1,L=0): reazione pronta, nessun trigger (Hero.Riktor.Interposition)
[RT] (q=-2,r=1,L=0): colpito sul lato Front
[RT] (q=-2,r=2,L=0): colpito sul lato Front
[RT] Gadget: resta (q=-2,r=2,L=0) (Action.Move, p50)
[RT] Riktor: resta (q=-1,r=-1,L=0) (Action.Move, p50)
[RT] (q=0,r=-3,L=0) -> (q=0,r=-3,L=0): 0 danni (Objective.Control)
[RT] Partita finita: Vince il team 1 (rosso) - allo scadere dei round (round 12/12, obiettivo 0-3, formato Format.Skirmish2v2)
[RT] Fine partita al round 12: ERTMatchOutcome::Team1Wins
